
█▀▀▀▀▀▀▀▀▀▀▀▀▀▀▀▀▀▀▀▀▀▀▀▀▀▀▀▀▀▀▀▀▀▀▀▀▀▀▀▀▀▀▀▀▀▀▀▀▀▀▀▀▀▀▀▀▀▀▀▀▀▀▀▀▀▀▀█
  ▄▄·  ▄▄▄·  ▐ ▄    ▄     ▪    ▄▄     ▐ ▄       ▄▄▄   ▄▄▄      ▄▄▄▄·
 ▐█ ▌ ▐█ ▀█ ·█▌▐█   ██    ██  ▐█ ▀    █▌▐█      ▐▄ █· █  ▀·  .▀  .█▌
 ██ ▄▄▄█▀▀█ ▐█▐▐▌   ▐█·   ▐█· ▄█ ▀█▄ ▐█▐▐▌ ▄█▀▄ ▐▀▀▄ ▐█▀      ▄█▀▀▀·
 ▐███▌▐█ ▪▐▌██▐█▌   ▐█▌   ▐█▌ ▐█▄ ▐█ ██▐█▌▐█▌.▐▌▐▄ █▌▐█▄▄▄▌   ▀
 ·▀▀▀  ▀  ▀ ▀▀ █▪   ▀▀▀   ▀▀▀ ·▀▀▀▀  ▀▀ █▪ ▀█▄▀▪.▀  ▀ ▀▀▀     ▀

▀▀▀▀▀▀▀▀▀▀▀▀▀▀▀▀▀▀▀▀▀▀▀▀▀▀▀▀▀▀▀▀▀▀▀▀▀▀▀▀▀▀▀▀▀▀▀▀▀▀▀▀▀▀▀▀▀▀▀▀▀▀▀▀▀▀▀▀▀
Found following packages with scripts:
[ ignore ] 'spawn-sync' has scripts but they can be ignored 
             reason: installs native modules for old node.js versions
[  keep  ] 'pre-commit' needs its scripts to run 
             reason: used in local development, can skip for CI

▀▀▀▀▀▀▀▀▀▀▀▀▀▀▀▀▀▀▀▀▀▀▀▀▀▀▀▀▀▀▀▀▀▀▀▀▀▀▀▀▀▀▀▀▀▀▀▀▀▀▀▀▀▀▀▀▀▀▀▀▀▀▀▀▀▀▀▀▀
What now? Run rebuild after 'npm ci --ignore-scripts' to trigger 
scripts you need to keep. 

A suggestion to get you started:
npm rebuild pre-commit
Or run all except the ones you can ignore now:
npm rebuild pre-commit
█▄▄▄▄▄▄▄▄▄▄▄▄▄▄▄▄▄▄▄▄▄▄▄▄▄▄▄▄▄▄▄▄▄▄▄▄▄▄▄▄▄▄▄▄▄▄▄▄▄▄▄▄▄▄▄▄▄▄▄▄▄▄▄▄▄▄▄█

If you check some packages, consider contributing your findings on github.
